JSON Server is running
[0mPOST /wp-json/wp/v2/media [33m404 [0m5.156 ms - 159[0m
[0mPOST /wp-json/wp/v2/posts [32m201 [0m11.922 ms - 84[0m
[0mGET /wordpress/test_post [33m404 [0m0.493 ms - 9[0m
[0mPOST /wp-json/wp/v2/media/1 [33m404 [0m1.226 ms - 161[0m
Fri, 29 Jun 2018 09:24:30 GMT express deprecated req.param(name): Use req.params, req.body, or req.query instead at server.js:29:15
Fri, 29 Jun 2018 09:24:30 GMT express deprecated req.param(name): Use req.params, req.body, or req.query instead at server.js:31:27
[0mPOST /wp-json/wp/v2/posts/1 [32m200 [0m1.523 ms - 111[0m
[0mGET /wordpress/test_post [32m200 [0m0.336 ms - 2[0m
[0mPOST /wp-json/wp/v2/media/1 [33m404 [0m1.172 ms - 161[0m
[0mPOST /wp-json/wp/v2/posts/1 [32m200 [0m0.350 ms - 111[0m
[0mPOST /wp-json/wp/v2/media/1 [33m404 [0m1.251 ms - 161[0m
[0mPOST /wp-json/wp/v2/posts/1 [32m200 [0m0.412 ms - 109[0m
[0mGET /wordpress/test_post [33m404 [0m0.157 ms - 9[0m
[0mGET /api/sessions [32m200 [0m6.306 ms - 678[0m
[0mGET /api/sessions/4f5gwe4f5w45as4fd [32m200 [0m4.317 ms - 630[0m
[0mGET /api/sessions/123456789 [33m404 [0m2.839 ms - 2[0m
[0mPOST /wp-json/wp/v2/media [33m404 [0m1.923 ms - 159[0m
[0mPOST /wp-json/wp/v2/posts [32m201 [0m0.839 ms - 84[0m
[0mGET /wordpress/test_post [33m404 [0m0.258 ms - 9[0m
[0mPOST /wp-json/wp/v2/media/2 [33m404 [0m1.499 ms - 161[0m
[0mPOST /wp-json/wp/v2/posts/2 [32m200 [0m0.668 ms - 111[0m
[0mGET /wordpress/test_post [32m200 [0m0.206 ms - 2[0m
[0mPOST /wp-json/wp/v2/media/2 [33m404 [0m1.854 ms - 161[0m
[0mPOST /wp-json/wp/v2/posts/2 [32m200 [0m0.802 ms - 111[0m
[0mPOST /wp-json/wp/v2/media/2 [33m404 [0m1.735 ms - 161[0m
[0mPOST /wp-json/wp/v2/posts/2 [32m200 [0m0.591 ms - 109[0m
[0mGET /wordpress/test_post [33m404 [0m0.282 ms - 9[0m
[0mGET /api/sessions [32m200 [0m3.084 ms - 678[0m
[0mGET /api/sessions/4f5gwe4f5w45as4fd [32m200 [0m3.263 ms - 630[0m
[0mGET /api/sessions/123456789 [33m404 [0m2.995 ms - 2[0m
[0mPOST /wp-json/wp/v2/media [33m404 [0m1.962 ms - 159[0m
[0mPOST /wp-json/wp/v2/posts [32m201 [0m0.931 ms - 84[0m
[0mGET /wordpress/test_post [33m404 [0m0.289 ms - 9[0m
[0mPOST /wp-json/wp/v2/media/3 [33m404 [0m1.442 ms - 161[0m
[0mPOST /wp-json/wp/v2/posts/3 [32m200 [0m0.688 ms - 111[0m
[0mGET /wordpress/test_post [32m200 [0m0.252 ms - 2[0m
[0mPOST /wp-json/wp/v2/media/3 [33m404 [0m1.395 ms - 161[0m
[0mPOST /wp-json/wp/v2/posts/3 [32m200 [0m0.410 ms - 111[0m
[0mPOST /wp-json/wp/v2/media/3 [33m404 [0m1.304 ms - 161[0m
[0mPOST /wp-json/wp/v2/posts/3 [32m200 [0m0.460 ms - 109[0m
[0mGET /wordpress/test_post [33m404 [0m0.162 ms - 9[0m
[0mGET /api/sessions [32m200 [0m4.137 ms - 678[0m
[0mGET /api/sessions/4f5gwe4f5w45as4fd [32m200 [0m3.340 ms - 630[0m
[0mGET /api/sessions/123456789 [33m404 [0m3.028 ms - 2[0m
[0mPOST /wp-json/wp/v2/media [33m404 [0m7.133 ms - 159[0m
[0mPOST /wp-json/wp/v2/posts [32m201 [0m1.428 ms - 84[0m
[0mGET /wordpress/test_post [33m404 [0m0.232 ms - 9[0m
[0mPOST /wp-json/wp/v2/media/4 [33m404 [0m3.814 ms - 161[0m
[0mPOST /wp-json/wp/v2/posts/4 [32m200 [0m0.716 ms - 111[0m
[0mGET /wordpress/test_post [32m200 [0m0.179 ms - 2[0m
[0mPOST /wp-json/wp/v2/media/4 [33m404 [0m2.933 ms - 161[0m
[0mPOST /wp-json/wp/v2/posts/4 [32m200 [0m0.367 ms - 111[0m
[0mPOST /wp-json/wp/v2/media/4 [33m404 [0m1.299 ms - 161[0m
[0mPOST /wp-json/wp/v2/posts/4 [32m200 [0m0.404 ms - 109[0m
[0mGET /wordpress/test_post [33m404 [0m0.162 ms - 9[0m
[0mGET /api/sessions [32m200 [0m13.377 ms - 678[0m
[0mGET /api/sessions/4f5gwe4f5w45as4fd [32m200 [0m4.859 ms - 630[0m
[0mGET /api/sessions/123456789 [33m404 [0m3.118 ms - 2[0m
